******************************************************************************
                  TI ARM Linker PC v20.2.5                     
******************************************************************************
>> Linked Mon Dec  6 16:14:01 2021

OUTPUT FILE NAME:   <Project_2021.out>
ENTRY POINT SYMBOL: "_c_int00_noargs"  address: 000044d5


MEMORY CONFIGURATION

         name            origin    length      used     unused   attr    fill
----------------------  --------  ---------  --------  --------  ----  --------
  FLASH                 00000000   00040000  000047b0  0003b850  R  X
  SRAM                  20000000   00008000  000002fb  00007d05  RW X


SEGMENT ALLOCATION MAP

run origin  load origin   length   init length attrs members
----------  ----------- ---------- ----------- ----- -------
00000000    00000000    000047b0   000047b0    r-x
  00000000    00000000    0000026c   0000026c    r-- .intvecs
  0000026c    0000026c    000043d4   000043d4    r-x .text
  00004640    00004640    00000138   00000138    r-- .const
  00004778    00004778    00000038   00000038    r-- .cinit
20000000    20000000    000002fc   00000000    rw-
  20000000    20000000    00000200   00000000    rw- .stack
  20000200    20000200    000000db   00000000    rw- .bss
  200002dc    200002dc    00000020   00000000    rw- .data


SECTION ALLOCATION MAP

 output                                  attributes/
section   page    origin      length       input sections
--------  ----  ----------  ----------   ----------------
.intvecs   0    00000000    0000026c     
                  00000000    0000026c     tm4c123gh6pm_startup_ccs.obj (.intvecs)

.text      0    0000026c    000043d4     
                  0000026c    00000a4e     rtsv7M4_T_le_v4SPD16_eabi.lib : _printfi.c.obj (.text:__TI_printfi)
                  00000cba    00000002                                   : div0.asm.obj (.text)
                  00000cbc    000009d0                                   : e_pow.c.obj (.text:pow)
                  0000168c    00000744     tx_RS485.obj (.text)
                  00001dd0    00000538     uart0.obj (.text)
                  00002308    000004c4     main.obj (.text)
                  000027cc    00000394     uart1.obj (.text)
                  00002b60    000002d4     rx_RS485.obj (.text)
                  00002e34    00000270     rtsv7M4_T_le_v4SPD16_eabi.lib : _printfi.c.obj (.text:_pconv_a)
                  000030a4    000001d0                                   : _printfi.c.obj (.text:_pconv_g)
                  00003274    000001b6                                   : fd_add_t2.asm.obj (.text)
                  0000342a    00000002     --HOLE-- [fill = 0]
                  0000342c    00000160     timer0.obj (.text)
                  0000358c    00000158     rtsv7M4_T_le_v4SPD16_eabi.lib : e_sqrt.c.obj (.text:sqrt)
                  000036e4    0000013c                                   : _printfi.c.obj (.text:_pconv_e)
                  00003820    00000136                                   : fd_div_t2.asm.obj (.text)
                  00003956    00000002     --HOLE-- [fill = 0]
                  00003958    00000124                                   : _printfi.c.obj (.text:fcvt)
                  00003a7c    00000110                                   : s_scalbn.c.obj (.text:scalbn)
                  00003b8c    00000104     adc0.obj (.text)
                  00003c90    000000fc     rtsv7M4_T_le_v4SPD16_eabi.lib : fd_mul_t2.asm.obj (.text)
                  00003d8c    000000b1                                   : _printfi.c.obj (.text:_ltostr)
                  00003e3d    00000001     --HOLE-- [fill = 0]
                  00003e3e    0000009c                                   : memcpy_t2.asm.obj (.text)
                  00003eda    00000096                                   : ull_div_t2.asm.obj (.text)
                  00003f70    00000086                                   : fd_cmp_t2.asm.obj (.text:__aeabi_cdcmple)
                  00003ff6    00000086                                   : fd_cmp_t2.asm.obj (.text:__aeabi_cdrcmple)
                  0000407c    0000007a                                   : memset_t2.asm.obj (.text)
                  000040f6    0000006e                                   : _printfi.c.obj (.text:_mcpy)
                  00004164    00000068                                   : copy_decompress_lzss.c.obj (.text:decompress:lzss:__TI_decompress_lzss)
                  000041cc    00000064                                   : s_frexp.c.obj (.text:frexp)
                  00004230    00000056                                   : _printfi.c.obj (.text:_pconv_f)
                  00004286    00000054                                   : _ltoa.c.obj (.text:__TI_ltoa)
                  000042da    00000052                                   : _printfi.c.obj (.text:_ecpy)
                  0000432c    00000050     mystring.obj (.text)
                  0000437c    0000004c     rtsv7M4_T_le_v4SPD16_eabi.lib : atoi.c.obj (.text:atoi)
                  000043c8    00000048                                   : fd_toi_t2.asm.obj (.text)
                  00004410    00000044                                   : autoinit.c.obj (.text:__TI_auto_init_nobinit_nopinit:__TI_auto_init_nobinit_nopinit)
                  00004454    00000040                                   : sprintf.c.obj (.text:sprintf)
                  00004494    0000003e                                   : _printfi.c.obj (.text:_fcpy)
                  000044d2    00000002     --HOLE-- [fill = 0]
                  000044d4    00000034                                   : boot_cortex_m.c.obj (.text:_c_int00_noargs:_c_int00_noargs)
                  00004508    0000002e                                   : i_tofd_t2.asm.obj (.text)
                  00004536    00000020                                   : u_tofd_t2.asm.obj (.text)
                  00004556    0000001c                                   : copy_zero_init.c.obj (.text:decompress:ZI:__TI_zero_init_nomemset:__TI_zero_init_nomemset)
                  00004572    0000001c                                   : memccpy.c.obj (.text:memccpy)
                  0000458e    0000001a                                   : s_copysign.c.obj (.text:copysign)
                  000045a8    00000018                                   : sprintf.c.obj (.text:_outs)
                  000045c0    00000016                                   : strchr.c.obj (.text:strchr)
                  000045d6    00000014                                   : strlen.c.obj (.text:strlen)
                  000045ea    00000012                                   : wcslen.c.obj (.text:wcslen)
                  000045fc    00000010     clock.obj (.text)
                  0000460c    0000000e     rtsv7M4_T_le_v4SPD16_eabi.lib : copy_decompress_none.c.obj (.text:decompress:none:__TI_decompress_none)
                  0000461a    0000000c     tm4c123gh6pm_startup_ccs.obj (.text)
                  00004626    0000000a     rtsv7M4_T_le_v4SPD16_eabi.lib : sprintf.c.obj (.text:_outc)
                  00004630    00000008                                   : errno.c.obj (.text:__aeabi_errno_addr)
                  00004638    00000004                                   : pre_init.c.obj (.text:_system_pre_init)
                  0000463c    00000004                                   : exit.c.obj (.text:abort:abort)

.const     0    00004640    00000138     
                  00004640    00000101     rtsv7M4_T_le_v4SPD16_eabi.lib : ctype.c.obj (.const:.string:_ctypes_)
                  00004741    00000007     --HOLE-- [fill = 0]
                  00004748    00000030                                   : e_pow.c.obj (.const:$O1$$)

.cinit     0    00004778    00000038     
                  00004778    00000012     (.cinit..data.load) [load image, compression = lzss]
                  0000478a    00000002     --HOLE-- [fill = 0]
                  0000478c    0000000c     (__TI_handler_table)
                  00004798    00000008     (.cinit..bss.load) [load image, compression = zero_init]
                  000047a0    00000010     (__TI_cinit_table)

.init_array 
*          0    00000000    00000000     UNINITIALIZED

.bss       0    20000200    000000db     UNINITIALIZED
                  20000200    00000064     (.common:str)
                  20000264    00000064     (.common:tx_485msg)
                  200002c8    00000011     (.common:rx_485msg)
                  200002d9    00000001     (.common:msg_phase)
                  200002da    00000001     (.common:myAddress)

.data      0    200002dc    00000020     UNINITIALIZED
                  200002dc    0000000b     tx_RS485.obj (.data)
                  200002e7    00000001     --HOLE--
                  200002e8    0000000a     timer0.obj (.data)
                  200002f2    00000002     main.obj (.data)
                  200002f4    00000004     rtsv7M4_T_le_v4SPD16_eabi.lib : errno.c.obj (.data)
                  200002f8    00000004     uart1.obj (.data)

.stack     0    20000000    00000200     UNINITIALIZED
                  20000000    00000004     rtsv7M4_T_le_v4SPD16_eabi.lib : boot_cortex_m.c.obj (.stack)
                  20000004    000001fc     --HOLE--

__llvm_prf_cnts 
*          0    20000000    00000000     UNINITIALIZED

MODULE SUMMARY

       Module                         code    ro data   rw data
       ------                         ----    -------   -------
    .\
       tx_RS485.obj                   1860    0         112    
       uart0.obj                      1336    0         0      
       main.obj                       1220    0         2      
       uart1.obj                      916     0         22     
       rx_RS485.obj                   724     0         100    
       tm4c123gh6pm_startup_ccs.obj   12      620       0      
       timer0.obj                     352     0         10     
       adc0.obj                       260     0         0      
       mystring.obj                   80      0         0      
       clock.obj                      16      0         0      
    +--+------------------------------+-------+---------+---------+
       Total:                         6776    620       246    
                                                               
    C:\ti\ccs1040\ccs\tools\compiler\ti-cgt-arm_20.2.5.LTS\lib\rtsv7M4_T_le_v4SPD16_eabi.lib
       _printfi.c.obj                 4851    0         0      
       e_pow.c.obj                    2512    48        0      
       fd_add_t2.asm.obj              438     0         0      
       e_sqrt.c.obj                   344     0         0      
       fd_div_t2.asm.obj              310     0         0      
       s_scalbn.c.obj                 272     0         0      
       fd_cmp_t2.asm.obj              268     0         0      
       ctype.c.obj                    0       257       0      
       fd_mul_t2.asm.obj              252     0         0      
       memcpy_t2.asm.obj              156     0         0      
       ull_div_t2.asm.obj             150     0         0      
       memset_t2.asm.obj              122     0         0      
       copy_decompress_lzss.c.obj     104     0         0      
       s_frexp.c.obj                  100     0         0      
       sprintf.c.obj                  98      0         0      
       _ltoa.c.obj                    84      0         0      
       atoi.c.obj                     76      0         0      
       fd_toi_t2.asm.obj              72      0         0      
       autoinit.c.obj                 68      0         0      
       boot_cortex_m.c.obj            52      0         0      
       i_tofd_t2.asm.obj              46      0         0      
       u_tofd_t2.asm.obj              32      0         0      
       copy_zero_init.c.obj           28      0         0      
       memccpy.c.obj                  28      0         0      
       s_copysign.c.obj               26      0         0      
       strchr.c.obj                   22      0         0      
       strlen.c.obj                   20      0         0      
       wcslen.c.obj                   18      0         0      
       copy_decompress_none.c.obj     14      0         0      
       errno.c.obj                    8       0         4      
       exit.c.obj                     4       0         0      
       pre_init.c.obj                 4       0         0      
       div0.asm.obj                   2       0         0      
    +--+------------------------------+-------+---------+---------+
       Total:                         10581   305       4      
                                                               
       Stack:                         0       0         512    
       Linker Generated:              0       54        0      
    +--+------------------------------+-------+---------+---------+
       Grand Total:                   17357   979       762    


LINKER GENERATED COPY TABLES

__TI_cinit_table @ 000047a0 records: 2, size/record: 8, table size: 16
	.data: load addr=00004778, load size=00000012 bytes, run addr=200002dc, run size=00000020 bytes, compression=lzss
	.bss: load addr=00004798, load size=00000008 bytes, run addr=20000200, run size=000000db bytes, compression=zero_init


LINKER GENERATED HANDLER TABLE

__TI_handler_table @ 0000478c records: 3, size/record: 4, table size: 12
	index: 0, handler: __TI_decompress_lzss
	index: 1, handler: __TI_decompress_none
	index: 2, handler: __TI_zero_init


GLOBAL SYMBOLS: SORTED ALPHABETICALLY BY Name 

address   name                          
-------   ----                          
0000463d  C$$EXIT                       
0000461b  ResetISR                      
00001d7d  SendAck                       
00001971  SendRS485                     
000016c5  SendRS485Byte                 
200002dd  T                             
00003479  Timer0ISR                     
0000288b  UART1ISR                      
20000200  __STACK_END                   
00000200  __STACK_SIZE                  
20000200  __STACK_TOP                   
000047a0  __TI_CINIT_Base               
000047b0  __TI_CINIT_Limit              
0000478c  __TI_Handler_Table_Base       
00004798  __TI_Handler_Table_Limit      
00004411  __TI_auto_init_nobinit_nopinit
00004165  __TI_decompress_lzss          
0000460d  __TI_decompress_none          
00004287  __TI_ltoa                     
ffffffff  __TI_pprof_out_hndl           
0000026d  __TI_printfi                  
ffffffff  __TI_prof_data_size           
ffffffff  __TI_prof_data_start          
00000000  __TI_static_base__            
00004557  __TI_zero_init_nomemset       
00003f71  __aeabi_cdcmpeq               
00003f71  __aeabi_cdcmple               
00003ff7  __aeabi_cdrcmple              
000043c9  __aeabi_d2iz                  
0000327f  __aeabi_dadd                  
00003821  __aeabi_ddiv                  
00003c91  __aeabi_dmul                  
00003275  __aeabi_dsub                  
00004631  __aeabi_errno_addr            
00004509  __aeabi_i2d                   
00000cbb  __aeabi_idiv0                 
00000cbb  __aeabi_ldiv0                 
0000407d  __aeabi_memclr                
0000407d  __aeabi_memclr4               
0000407d  __aeabi_memclr8               
00003e3f  __aeabi_memcpy                
00003e3f  __aeabi_memcpy4               
00003e3f  __aeabi_memcpy8               
0000407f  __aeabi_memset                
0000407f  __aeabi_memset4               
0000407f  __aeabi_memset8               
00004537  __aeabi_ui2d                  
00003edb  __aeabi_uldivmod              
ffffffff  __binit__                     
ffffffff  __c_args__                    
UNDEFED   __mpu_init                    
20000000  __stack                       
20000000  __start___llvm_prf_cnts       
20000000  __stop___llvm_prf_cnts        
000044d5  _c_int00_noargs               
00004640  _ctypes_                      
UNDEFED   _system_post_cinit            
00004639  _system_pre_init              
0000463d  abort                         
0000437d  atoi                          
ffffffff  binit                         
200002f9  busy                          
00001cc9  check_random                  
0000458f  copysign                      
0000458f  copysignl                     
200002f2  cs                            
200002f4  errno                         
000041cd  frexp                         
000041cd  frexpl                        
00000000  g_pfnVectors                  
00002229  getFieldInteger               
000022a5  getFieldString                
00001eed  getcUart0                     
00001f1b  getsUart0                     
200002e4  index                         
00003b8d  initAdc0Ss3                   
00002309  initHw                        
000045fd  initSystemClockTo40Mhz        
00001dd1  initUart0                     
000027cd  initUart1txrx                 
0000342d  init_timer0                   
00002b61  initrx_RS485                  
0000168d  inittx_RS485                  
000022d5  isCommand                     
00001f01  kbhitUart0                    
00003a7d  ldexp                         
00003a7d  ldexpl                        
00002311  main                          
00004573  memccpy                       
00003e3f  memcpy                        
00004085  memset                        
200002dc  min_back_off_time             
200002e0  msg_in_progress               
200002d9  msg_phase                     
200002da  myAddress                     
00001fdd  parseFields                   
00000cbd  pow                           
00000cbd  powl                          
00002cd9  process                       
00002ba5  process_commands              
00001ea5  putcUart0                     
00001ec1  putsUart0                     
00001b75  rand_gen                      
200002f3  random                        
00003c3f  readAdc0Ss3                   
00002a8b  readEEPROM                    
200002c8  rx_485msg                     
200002ec  rx_ledtimeout                 
200002f8  rx_phase                      
00003a7d  scalbn                        
00003a7d  scalbnl                       
00003bd3  setAdc0Ss3Log2AverageCount    
00003c17  setAdc0Ss3Mux                 
00004455  sprintf                       
0000358d  sqrt                          
0000358d  sqrtl                         
20000200  str                           
000045c1  strchr                        
0000432d  strcompare                    
000045d7  strlen                        
200002f0  test_cs                       
200002f1  test_done                     
20000264  tx_485msg                     
200002e8  tx_ledtimeout                 
000045eb  wcslen                        
00002aab  writeEEPROM                   


GLOBAL SYMBOLS: SORTED BY Symbol Address 

address   name                          
-------   ----                          
00000000  __TI_static_base__            
00000000  g_pfnVectors                  
00000200  __STACK_SIZE                  
0000026d  __TI_printfi                  
00000cbb  __aeabi_idiv0                 
00000cbb  __aeabi_ldiv0                 
00000cbd  pow                           
00000cbd  powl                          
0000168d  inittx_RS485                  
000016c5  SendRS485Byte                 
00001971  SendRS485                     
00001b75  rand_gen                      
00001cc9  check_random                  
00001d7d  SendAck                       
00001dd1  initUart0                     
00001ea5  putcUart0                     
00001ec1  putsUart0                     
00001eed  getcUart0                     
00001f01  kbhitUart0                    
00001f1b  getsUart0                     
00001fdd  parseFields                   
00002229  getFieldInteger               
000022a5  getFieldString                
000022d5  isCommand                     
00002309  initHw                        
00002311  main                          
000027cd  initUart1txrx                 
0000288b  UART1ISR                      
00002a8b  readEEPROM                    
00002aab  writeEEPROM                   
00002b61  initrx_RS485                  
00002ba5  process_commands              
00002cd9  process                       
00003275  __aeabi_dsub                  
0000327f  __aeabi_dadd                  
0000342d  init_timer0                   
00003479  Timer0ISR                     
0000358d  sqrt                          
0000358d  sqrtl                         
00003821  __aeabi_ddiv                  
00003a7d  ldexp                         
00003a7d  ldexpl                        
00003a7d  scalbn                        
00003a7d  scalbnl                       
00003b8d  initAdc0Ss3                   
00003bd3  setAdc0Ss3Log2AverageCount    
00003c17  setAdc0Ss3Mux                 
00003c3f  readAdc0Ss3                   
00003c91  __aeabi_dmul                  
00003e3f  __aeabi_memcpy                
00003e3f  __aeabi_memcpy4               
00003e3f  __aeabi_memcpy8               
00003e3f  memcpy                        
00003edb  __aeabi_uldivmod              
00003f71  __aeabi_cdcmpeq               
00003f71  __aeabi_cdcmple               
00003ff7  __aeabi_cdrcmple              
0000407d  __aeabi_memclr                
0000407d  __aeabi_memclr4               
0000407d  __aeabi_memclr8               
0000407f  __aeabi_memset                
0000407f  __aeabi_memset4               
0000407f  __aeabi_memset8               
00004085  memset                        
00004165  __TI_decompress_lzss          
000041cd  frexp                         
000041cd  frexpl                        
00004287  __TI_ltoa                     
0000432d  strcompare                    
0000437d  atoi                          
000043c9  __aeabi_d2iz                  
00004411  __TI_auto_init_nobinit_nopinit
00004455  sprintf                       
000044d5  _c_int00_noargs               
00004509  __aeabi_i2d                   
00004537  __aeabi_ui2d                  
00004557  __TI_zero_init_nomemset       
00004573  memccpy                       
0000458f  copysign                      
0000458f  copysignl                     
000045c1  strchr                        
000045d7  strlen                        
000045eb  wcslen                        
000045fd  initSystemClockTo40Mhz        
0000460d  __TI_decompress_none          
0000461b  ResetISR                      
00004631  __aeabi_errno_addr            
00004639  _system_pre_init              
0000463d  C$$EXIT                       
0000463d  abort                         
00004640  _ctypes_                      
0000478c  __TI_Handler_Table_Base       
00004798  __TI_Handler_Table_Limit      
000047a0  __TI_CINIT_Base               
000047b0  __TI_CINIT_Limit              
20000000  __stack                       
20000000  __start___llvm_prf_cnts       
20000000  __stop___llvm_prf_cnts        
20000200  __STACK_END                   
20000200  __STACK_TOP                   
20000200  str                           
20000264  tx_485msg                     
200002c8  rx_485msg                     
200002d9  msg_phase                     
200002da  myAddress                     
200002dc  min_back_off_time             
200002dd  T                             
200002e0  msg_in_progress               
200002e4  index                         
200002e8  tx_ledtimeout                 
200002ec  rx_ledtimeout                 
200002f0  test_cs                       
200002f1  test_done                     
200002f2  cs                            
200002f3  random                        
200002f4  errno                         
200002f8  rx_phase                      
200002f9  busy                          
ffffffff  __TI_pprof_out_hndl           
ffffffff  __TI_prof_data_size           
ffffffff  __TI_prof_data_start          
ffffffff  __binit__                     
ffffffff  __c_args__                    
ffffffff  binit                         
UNDEFED   __mpu_init                    
UNDEFED   _system_post_cinit            

[126 symbols]
